// Jest Snapshot v1, https://goo.gl/fbAQLP

exports[`Grid should render correct number of headers, rows and columns 1`] = `
<section
  className="grid"
>
  <div
    className="grid__row grid__row--header"
  >
    <div
      className="grid__row__column"
      style={
        Object {
          "width": 100,
        }
      }
    >
      <button
        className="grid__row__column__header-label"
        onClick={[Function]}
        type="button"
      >
        Column 1
      </button>
      <span
        className="grid__row__column__resizer"
        draggable={true}
        onDrag={[Function]}
        onDragEnd={[Function]}
        onDragStart={[Function]}
      />
    </div>
    <div
      className="grid__row__column"
      style={
        Object {
          "width": 100,
        }
      }
    >
      <button
        className="grid__row__column__header-label"
        onClick={[Function]}
        type="button"
      >
        Column 2
      </button>
      <span
        className="grid__row__column__resizer"
        draggable={true}
        onDrag={[Function]}
        onDragEnd={[Function]}
        onDragStart={[Function]}
      />
    </div>
    <div
      className="grid__row__column"
      style={
        Object {
          "width": 100,
        }
      }
    >
      <button
        className="grid__row__column__header-label"
        onClick={[Function]}
        type="button"
      >
        Column 3
      </button>
      <span
        className="grid__row__column__resizer"
        draggable={true}
        onDrag={[Function]}
        onDragEnd={[Function]}
        onDragStart={[Function]}
      />
    </div>
  </div>
  <div
    className="grid__row"
  >
    <div
      className="grid__row__column"
      style={
        Object {
          "width": 100,
        }
      }
    >
      Test 1
    </div>
    <div
      className="grid__row__column"
      style={
        Object {
          "width": 100,
        }
      }
    >
      1234
    </div>
    <div
      className="grid__row__column"
      style={
        Object {
          "width": 100,
        }
      }
    >
      1,2,3
    </div>
  </div>
  <div
    className="grid__row"
  >
    <div
      className="grid__row__column"
      style={
        Object {
          "width": 100,
        }
      }
    >
      Test 2
    </div>
    <div
      className="grid__row__column"
      style={
        Object {
          "width": 100,
        }
      }
    >
      3421
    </div>
    <div
      className="grid__row__column"
      style={
        Object {
          "width": 100,
        }
      }
    >
      5,5,5
    </div>
  </div>
</section>
`;
