// Jest Snapshot v1, https://goo.gl/fbAQLP

exports[`Pagination should render correct number of pages 1`] = `
<nav
  className="pagination"
>
  <ul
    className="pagination__wrapper"
  >
    <li
      className="pagination__page pagination__page--disabled"
    >
      <button
        disabled={true}
        onClick={[Function]}
        type="button"
      >
        previous
      </button>
    </li>
    <li
      className="pagination__page pagination__page--current"
    >
      <button
        disabled={true}
        onClick={[Function]}
        type="button"
      >
        1
      </button>
    </li>
    <li
      className="pagination__page"
    >
      <button
        disabled={false}
        onClick={[Function]}
        type="button"
      >
        2
      </button>
    </li>
    <li
      className="pagination__page"
    >
      <button
        disabled={false}
        onClick={[Function]}
        type="button"
      >
        3
      </button>
    </li>
    <li
      className="pagination__page"
    >
      <button
        disabled={false}
        onClick={[Function]}
        type="button"
      >
        4
      </button>
    </li>
    <li
      className="pagination__page"
    >
      <button
        disabled={false}
        onClick={[Function]}
        type="button"
      >
        5
      </button>
    </li>
    <li
      className="pagination__page"
    >
      <button
        disabled={false}
        onClick={[Function]}
        type="button"
      >
        6
      </button>
    </li>
    <li
      className="pagination__page"
    >
      <button
        disabled={false}
        onClick={[Function]}
        type="button"
      >
        7
      </button>
    </li>
    <li
      className="pagination__page"
    >
      <button
        disabled={false}
        onClick={[Function]}
        type="button"
      >
        8
      </button>
    </li>
    <li
      className="pagination__page"
    >
      <button
        disabled={false}
        onClick={[Function]}
        type="button"
      >
        9
      </button>
    </li>
    <li
      className="pagination__page"
    >
      <button
        disabled={false}
        onClick={[Function]}
        type="button"
      >
        10
      </button>
    </li>
    <li
      className="pagination__page"
    >
      <button
        disabled={false}
        onClick={[Function]}
        type="button"
      >
        next
      </button>
    </li>
  </ul>
</nav>
`;

exports[`Pagination should render correct number of pages 2`] = `
<nav
  className="pagination"
>
  <ul
    className="pagination__wrapper"
  >
    <li
      className="pagination__page pagination__page--disabled"
    >
      <button
        disabled={true}
        onClick={[Function]}
        type="button"
      >
        previous
      </button>
    </li>
    <li
      className="pagination__page pagination__page--current"
    >
      <button
        disabled={true}
        onClick={[Function]}
        type="button"
      >
        1
      </button>
    </li>
    <li
      className="pagination__page"
    >
      <button
        disabled={false}
        onClick={[Function]}
        type="button"
      >
        2
      </button>
    </li>
    <li
      className="pagination__page"
    >
      <button
        disabled={false}
        onClick={[Function]}
        type="button"
      >
        3
      </button>
    </li>
    <li
      className="pagination__page"
    >
      <button
        disabled={false}
        onClick={[Function]}
        type="button"
      >
        4
      </button>
    </li>
    <li
      className="pagination__page"
    >
      <button
        disabled={false}
        onClick={[Function]}
        type="button"
      >
        5
      </button>
    </li>
    <li
      className="pagination__page"
    >
      <button
        disabled={false}
        onClick={[Function]}
        type="button"
      >
        6
      </button>
    </li>
    <li
      className="pagination__page"
    >
      <button
        disabled={false}
        onClick={[Function]}
        type="button"
      >
        7
      </button>
    </li>
    <li
      className="pagination__page"
    >
      <button
        disabled={false}
        onClick={[Function]}
        type="button"
      >
        8
      </button>
    </li>
    <li
      className="pagination__page"
    >
      <button
        disabled={false}
        onClick={[Function]}
        type="button"
      >
        9
      </button>
    </li>
    <li
      className="pagination__page"
    >
      <button
        disabled={false}
        onClick={[Function]}
        type="button"
      >
        10
      </button>
    </li>
    <li
      className="pagination__page"
    >
      <button
        disabled={false}
        onClick={[Function]}
        type="button"
      >
        11
      </button>
    </li>
    <li
      className="pagination__page"
    >
      <button
        disabled={false}
        onClick={[Function]}
        type="button"
      >
        next
      </button>
    </li>
  </ul>
</nav>
`;
